// Jest Snapshot v1, https://goo.gl/fbAQLP

exports[`<Header /> tests should match snapshot 1`] = `
<body>
  <div>
    <header>
      <nav>
        <h1>
          Poke React
        </h1>
      </nav>
    </header>
  </div>
</body>
`;
