// Jest Snapshot v1, https://goo.gl/fbAQLP

exports[`<App /> tests should match snapshot 1`] = `
<body>
  <div>
    <div>
      <h1>
        Mohit Home Page
      </h1>
    </div>
  </div>
</body>
`;
